// Jest Snapshot v1, https://goo.gl/fbAQLP

exports[`Single device - non-destructive throws an error when device do not exist 1`] = `
[Error: Error occured when get device info. Errorcode: CouldNotOpenDevice (0x4)
Lowlevel error: EMULATOR_NOT_CONNECTED (fffffff6)
]
`;
